app/collabboard/auth/register/page.tsx(146,11): error TS17002: Expected corresponding JSX closing tag for 'CardHeader'.
app/dashboard/create-canvas/first_splice_page.tsx(740,45): error TS1003: Identifier expected.
app/dashboard/create-canvas/first_splice_page.tsx(740,48): error TS1382: Unexpected token. Did you mean `{'>'}` or `&gt;`?
app/dashboard/create-canvas/first_splice_page.tsx(740,49): error TS1002: Unterminated string literal.
app/dashboard/create-canvas/page.modified.tsx(1,1): error TS1434: Unexpected keyword or identifier.
app/dashboard/create-canvas/page.modified.tsx(1,8): error TS1434: Unexpected keyword or identifier.
app/dashboard/create-canvas/page.modified.tsx(2,2): error TS1005: ';' expected.
app/dashboard/create-canvas/page.modified.tsx(2,28): error TS1005: ';' expected.
app/dashboard/create-canvas/page.modified.tsx(2,42): error TS1005: ';' expected.
app/dashboard/create-canvas/page.modified.tsx(2,50): error TS1434: Unexpected keyword or identifier.
app/dashboard/create-canvas/page.modified.tsx(2,53): error TS1434: Unexpected keyword or identifier.
app/dashboard/create-canvas/page.modified.tsx(2,56): error TS1434: Unexpected keyword or identifier.
app/dashboard/create-canvas/page.modified.tsx(2,58): error TS1434: Unexpected keyword or identifier.
app/dashboard/create-canvas/page.modified.tsx(2,72): error TS1435: Unknown keyword or identifier. Did you mean 'set tings'?
app/dashboard/create-canvas/page.modified.tsx(2,81): error TS1434: Unexpected keyword or identifier.
app/dashboard/create-canvas/page.modified.tsx(2,91): error TS1005: '(' expected.
app/dashboard/create-canvas/page.modified.tsx(2,93): error TS1005: ';' expected.
app/dashboard/create-canvas/page.modified.tsx(2,100): error TS1005: ';' expected.
app/dashboard/create-canvas/page.modified.tsx(2,109): error TS1005: ')' expected.
app/dashboard/create-canvas/page.modified.tsx(2,115): error TS1109: Expression expected.
app/dashboard/create-canvas/page.modified.tsx(2,120): error TS1005: '(' expected.
app/dashboard/create-canvas/page.modified.tsx(2,129): error TS1005: ')' expected.
app/dashboard/create-canvas/page.modified.tsx(2,140): error TS1005: '(' expected.
app/dashboard/create-canvas/page.modified.tsx(2,147): error TS1005: ';' expected.
app/dashboard/create-canvas/page.modified.tsx(2,151): error TS1005: ';' expected.
app/dashboard/create-canvas/page.modified.tsx(2,161): error TS1005: ')' expected.
app/dashboard/create-canvas/page.modified.tsx(2,171): error TS1003: Identifier expected.
app/dashboard/create-canvas/page.modified.tsx(4,1): error TS1434: Unexpected keyword or identifier.
app/dashboard/create-canvas/page.modified.tsx(4,6): error TS1434: Unexpected keyword or identifier.
app/dashboard/create-canvas/page.modified.tsx(4,12): error TS1434: Unexpected keyword or identifier.
app/dashboard/create-canvas/page.modified.tsx(4,16): error TS1434: Unexpected keyword or identifier.
app/dashboard/create-canvas/page.modified.tsx(4,21): error TS1434: Unexpected keyword or identifier.
app/dashboard/create-canvas/page.modified.tsx(4,24): error TS1434: Unexpected keyword or identifier.
app/dashboard/create-canvas/page.modified.tsx(4,35): error TS1005: '(' expected.
app/dashboard/create-canvas/page.modified.tsx(4,40): error TS1005: ')' expected.
app/dashboard/create-canvas/page.modified.tsx(4,50): error TS1005: ':' expected.
app/dashboard/create-canvas/page.modified.tsx(4,63): error TS1005: ')' expected.
app/dashboard/create-canvas/page.modified.tsx(4,67): error TS1434: Unexpected keyword or identifier.
app/dashboard/create-canvas/page.modified.tsx(4,75): error TS1434: Unexpected keyword or identifier.
app/dashboard/create-canvas/page.modified.tsx(4,78): error TS1434: Unexpected keyword or identifier.
app/dashboard/create-canvas/page.modified.tsx(4,82): error TS1434: Unexpected keyword or identifier.
app/dashboard/create-canvas/page.modified.tsx(4,93): error TS1005: ';' expected.
app/dashboard/create-canvas/page.modified.tsx(4,111): error TS1005: ';' expected.
app/dashboard/create-canvas/page.modified.tsx(4,120): error TS1434: Unexpected keyword or identifier.
app/dashboard/create-canvas/page.modified.tsx(4,134): error TS1005: ':' expected.
app/dashboard/create-canvas/page.modified.tsx(4,157): error TS1005: ';' expected.
app/dashboard/create-canvas/page.modified.tsx(4,210): error TS1005: ';' expected.
app/dashboard/create-canvas/page.modified.tsx(4,214): error TS1434: Unexpected keyword or identifier.
app/dashboard/create-canvas/page.modified.tsx(4,220): error TS1434: Unexpected keyword or identifier.
app/dashboard/create-canvas/page.modified.tsx(4,223): error TS1434: Unexpected keyword or identifier.
app/dashboard/create-canvas/page.modified.tsx(4,231): error TS1434: Unexpected keyword or identifier.
app/dashboard/create-canvas/page.modified.tsx(4,239): error TS1434: Unexpected keyword or identifier.
app/dashboard/create-canvas/page.modified.tsx(4,251): error TS1003: Identifier expected.
components/canvas/CanvasSetupPage.tsx(822,6): error TS17008: JSX element 'div' has no corresponding closing tag.
components/canvas/CanvasSetupPage.tsx(823,8): error TS17008: JSX element 'div' has no corresponding closing tag.
components/canvas/CanvasSetupPage.tsx(932,10): error TS17008: JSX element 'div' has no corresponding closing tag.
components/canvas/CanvasSetupPage.tsx(938,12): error TS17008: JSX element 'Button' has no corresponding closing tag.
components/canvas/CanvasSetupPage.tsx(944,25): error TS17014: JSX fragment has no corresponding closing tag.
components/canvas/CanvasSetupPage.tsx(947,15): error TS1005: '</' expected.
components/collabboard/examples/ExampleUsage.tsx(37,16): error TS1109: Expression expected.
lib/collabboard/layouts/old_lyouts/layout-functions.ts(510,22): error TS1005: '>' expected.
lib/collabboard/layouts/old_lyouts/layout-functions.ts(510,31): error TS1005: ',' expected.
lib/collabboard/layouts/old_lyouts/layout-functions.ts(510,42): error TS1005: ':' expected.
lib/collabboard/layouts/old_lyouts/layout-functions.ts(510,43): error TS1127: Invalid character.
lib/collabboard/layouts/old_lyouts/layout-functions.ts(510,45): error TS1136: Property assignment expected.
lib/collabboard/layouts/old_lyouts/layout-functions.ts(510,46): error TS1161: Unterminated regular expression literal.
lib/collabboard/layouts/old_lyouts/layout-functions.ts(511,3): error TS1005: ',' expected.
lib/collabboard/layouts/old_lyouts/layout-functions.ts(511,4): error TS1128: Declaration or statement expected.
lib/collabboard/layouts/old_lyouts/layout-functions.ts(514,9): error TS1005: ';' expected.
lib/collabboard/layouts/old_lyouts/layout-functions.ts(515,16): error TS1005: ';' expected.
lib/collabboard/layouts/old_lyouts/layout-functions.ts(516,9): error TS1005: ';' expected.
lib/collabboard/layouts/old_lyouts/layout-functions.ts(516,22): error TS1005: '>' expected.
lib/collabboard/layouts/old_lyouts/layout-functions.ts(516,31): error TS1005: ';' expected.
lib/collabboard/layouts/old_lyouts/layout-functions.ts(516,43): error TS1127: Invalid character.
lib/collabboard/layouts/old_lyouts/layout-functions.ts(516,46): error TS1110: Type expected.
lib/collabboard/layouts/old_lyouts/layout-functions.ts(517,4): error TS1128: Declaration or statement expected.
lib/collabboard/layouts/old_lyouts/layout-functions.ts(520,9): error TS1005: ';' expected.
lib/collabboard/layouts/old_lyouts/layout-functions.ts(521,16): error TS1005: ';' expected.
lib/collabboard/layouts/old_lyouts/layout-functions.ts(522,9): error TS1005: ';' expected.
lib/collabboard/layouts/old_lyouts/layout-functions.ts(522,22): error TS1005: '>' expected.
lib/collabboard/layouts/old_lyouts/layout-functions.ts(522,31): error TS1005: ';' expected.
lib/collabboard/layouts/old_lyouts/layout-functions.ts(522,43): error TS1127: Invalid character.
lib/collabboard/layouts/old_lyouts/layout-functions.ts(522,45): error TS1110: Type expected.
lib/collabboard/layouts/old_lyouts/layout-functions.ts(523,4): error TS1128: Declaration or statement expected.
lib/collabboard/layouts/old_lyouts/layout-functions.ts(526,9): error TS1005: ';' expected.
lib/collabboard/layouts/old_lyouts/layout-functions.ts(527,16): error TS1005: ';' expected.
lib/collabboard/layouts/old_lyouts/layout-functions.ts(528,9): error TS1005: ';' expected.
lib/collabboard/layouts/old_lyouts/layout-functions.ts(528,22): error TS1005: '>' expected.
lib/collabboard/layouts/old_lyouts/layout-functions.ts(528,31): error TS1005: ';' expected.
lib/collabboard/layouts/old_lyouts/layout-functions.ts(528,43): error TS1127: Invalid character.
lib/collabboard/layouts/old_lyouts/layout-functions.ts(528,45): error TS1110: Type expected.
lib/collabboard/layouts/old_lyouts/layout-functions.ts(529,4): error TS1128: Declaration or statement expected.
lib/collabboard/layouts/old_lyouts/layout-functions.ts(532,9): error TS1005: ';' expected.
lib/collabboard/layouts/old_lyouts/layout-functions.ts(533,16): error TS1005: ';' expected.
lib/collabboard/layouts/old_lyouts/layout-functions.ts(534,9): error TS1005: ';' expected.
lib/collabboard/layouts/old_lyouts/layout-functions.ts(534,22): error TS1005: '>' expected.
lib/collabboard/layouts/old_lyouts/layout-functions.ts(534,31): error TS1005: ';' expected.
lib/collabboard/layouts/old_lyouts/layout-functions.ts(534,43): error TS1127: Invalid character.
lib/collabboard/layouts/old_lyouts/layout-functions.ts(534,46): error TS1110: Type expected.
lib/collabboard/layouts/old_lyouts/layout-functions.ts(535,4): error TS1128: Declaration or statement expected.
lib/collabboard/layouts/old_lyouts/layout-functions.ts(538,9): error TS1005: ';' expected.
lib/collabboard/layouts/old_lyouts/layout-functions.ts(539,16): error TS1005: ';' expected.
lib/collabboard/layouts/old_lyouts/layout-functions.ts(540,9): error TS1005: ';' expected.
lib/collabboard/layouts/old_lyouts/layout-functions.ts(540,22): error TS1005: '>' expected.
lib/collabboard/layouts/old_lyouts/layout-functions.ts(540,31): error TS1005: ';' expected.
lib/collabboard/layouts/old_lyouts/layout-functions.ts(540,43): error TS1127: Invalid character.
lib/collabboard/layouts/old_lyouts/layout-functions.ts(540,45): error TS1110: Type expected.
lib/collabboard/layouts/old_lyouts/layout-functions.ts(541,4): error TS1128: Declaration or statement expected.
lib/collabboard/layouts/old_lyouts/layout-functions.ts(544,9): error TS1005: ';' expected.
lib/collabboard/layouts/old_lyouts/layout-functions.ts(545,16): error TS1005: ';' expected.
lib/collabboard/layouts/old_lyouts/layout-functions.ts(546,9): error TS1005: ';' expected.
lib/collabboard/layouts/old_lyouts/layout-functions.ts(546,22): error TS1005: '>' expected.
lib/collabboard/layouts/old_lyouts/layout-functions.ts(546,31): error TS1005: ';' expected.
lib/collabboard/layouts/old_lyouts/layout-functions.ts(546,43): error TS1127: Invalid character.
lib/collabboard/layouts/old_lyouts/layout-functions.ts(546,45): error TS1127: Invalid character.
lib/collabboard/layouts/old_lyouts/layout-functions.ts(546,47): error TS1110: Type expected.
lib/collabboard/layouts/old_lyouts/layout-functions.ts(548,1): error TS1128: Declaration or statement expected.
